Godot Engine v4.5.2.stable.mono.official.6ce3de25a - https://godotengine.org
Vulkan 1.4.341 - Forward Mobile - Using Device #0: NVIDIA - NVIDIA GeForce RTX 3060
ERROR: Can't create shader cache folder, no shader caching will happen: user://
   at: RendererCompositorRD (servers/rendering/renderer_rd/renderer_compositor_rd.cpp:293)

ERROR: Failed to read the root certificate store.
   at: get_system_ca_certificates (platform/windows/os_windows.cpp:2558)
ACTIVITY_COMPOSITION farmhouse_8102_9X12 mechanical_composition_ok=true groups=[{"activity_group":"cooking","actual":{"bucket":1,"cookware":1,"hearth":1,"storage":1,"workbench":1},"dropped":false,"minimum_height_checks":[{"catalog_height_m":0.894999980926514,"category":"workbench","height_scale":1.0,"key":"Workbench","measured_height_m":0.894999980926514,"meets_minimum":true,"minimum_height_m":0.75,"scale":0.88}],"minimum_heights_ok":true,"required":{"bucket":1,"cookware":1,"hearth":1,"storage":1,"workbench":1},"required_roles_present":true,"room_index":1,"room_kind":"kitchen"},{"activity_group":"sleep","actual":{"bed":1,"chest":2,"sconce":1},"dropped":false,"minimum_height_checks":[],"minimum_heights_ok":true,"required":{"bed":1,"chest":2,"sconce":1},"required_roles_present":true,"room_index":3,"room_kind":"bedroom"},{"activity_group":"eating","actual":{"seat":2,"table":1},"dropped":false,"minimum_height_checks":[{"catalog_height_m":0.813000023365021,"category":"table","height_scale":1.0,"key":"Table_Large","measured_height_m":0.813000023365021,"meets_minimum":true,"minimum_height_m":0.7,"scale":1.0}],"minimum_heights_ok":true,"required":{"seat":2,"table":1},"required_roles_present":true,"room_index":0,"room_kind":"hall"}]
ACTIVITY_VIEW farmhouse_8102_9X12_cooking_roof_on.jpg room=1 members=5 saved=0
ACTIVITY_VIEW farmhouse_8102_9X12_sleep_roof_on.jpg room=3 members=4 saved=0
ACTIVITY_VIEW farmhouse_8102_9X12_eating_roof_on.jpg room=0 members=3 saved=0
ACTIVITY_COMPOSITION cottage_1_7X9 mechanical_composition_ok=true groups=[{"activity_group":"cooking","actual":{"bucket":1,"cookware":1,"hearth":1,"storage":1,"workbench":1},"dropped":false,"minimum_height_checks":[{"catalog_height_m":0.894999980926514,"category":"workbench","height_scale":1.0,"key":"Workbench","measured_height_m":0.894999980926514,"meets_minimum":true,"minimum_height_m":0.75,"scale":1.0}],"minimum_heights_ok":true,"required":{"bucket":1,"cookware":1,"hearth":1,"storage":1,"workbench":1},"required_roles_present":true,"room_index":0,"room_kind":"hall"},{"activity_group":"sleep","actual":{"bed":1,"chest":2,"sconce":1},"dropped":false,"minimum_height_checks":[],"minimum_heights_ok":true,"required":{"bed":1,"chest":2,"sconce":1},"required_roles_present":true,"room_index":1,"room_kind":"bedroom"},{"activity_group":"eating","actual":{"seat":2,"table":1},"dropped":false,"minimum_height_checks":[{"catalog_height_m":0.813000023365021,"category":"table","height_scale":1.0,"key":"Table_Large","measured_height_m":0.813000023365021,"meets_minimum":true,"minimum_height_m":0.7,"scale":0.76}],"minimum_heights_ok":true,"required":{"seat":2,"table":1},"required_roles_present":true,"room_index":0,"room_kind":"hall"}]
ACTIVITY_VIEW cottage_1_7X9_cooking_roof_on.jpg room=0 members=5 saved=0
ACTIVITY_VIEW cottage_1_7X9_sleep_roof_on.jpg room=1 members=4 saved=0
ACTIVITY_VIEW cottage_1_7X9_eating_roof_on.jpg room=0 members=3 saved=0
ACTIVITY_COMPOSITION cottage_8102_9X12 mechanical_composition_ok=true groups=[{"activity_group":"cooking","actual":{"bucket":1,"cookware":2,"hearth":1,"storage":1,"workbench":1},"dropped":false,"minimum_height_checks":[{"catalog_height_m":0.894999980926514,"category":"workbench","height_scale":1.0,"key":"Workbench","measured_height_m":0.894999980926514,"meets_minimum":true,"minimum_height_m":0.75,"scale":0.88}],"minimum_heights_ok":true,"required":{"bucket":1,"cookware":1,"hearth":1,"storage":1,"workbench":1},"required_roles_present":true,"room_index":1,"room_kind":"kitchen"},{"activity_group":"sleep","actual":{"bed":1,"chest":2,"sconce":1},"dropped":false,"minimum_height_checks":[],"minimum_heights_ok":true,"required":{"bed":1,"chest":2,"sconce":1},"required_roles_present":true,"room_index":3,"room_kind":"bedroom"},{"activity_group":"eating","actual":{"seat":2,"table":1},"dropped":false,"minimum_height_checks":[{"catalog_height_m":0.813000023365021,"category":"table","height_scale":1.0,"key":"Table_Large","measured_height_m":0.813000023365021,"meets_minimum":true,"minimum_height_m":0.7,"scale":1.0}],"minimum_heights_ok":true,"required":{"seat":2,"table":1},"required_roles_present":true,"room_index":0,"room_kind":"hall"}]
ACTIVITY_VIEW cottage_8102_9X12_cooking_roof_on.jpg room=1 members=6 saved=0
ACTIVITY_VIEW cottage_8102_9X12_sleep_roof_on.jpg room=3 members=4 saved=0
ACTIVITY_VIEW cottage_8102_9X12_eating_roof_on.jpg room=0 members=3 saved=0
ACTIVITY_COMPOSITION witch_hut_8102_9X12 mechanical_composition_ok=true groups=[{"activity_group":"cooking","actual":{"bucket":1,"cookware":1,"hearth":1,"storage":1,"workbench":1},"dropped":false,"minimum_height_checks":[{"catalog_height_m":0.894999980926514,"category":"workbench","height_scale":1.0,"key":"Workbench","measured_height_m":0.894999980926514,"meets_minimum":true,"minimum_height_m":0.75,"scale":0.88}],"minimum_heights_ok":true,"required":{"bucket":1,"cookware":1,"hearth":1,"storage":1,"workbench":1},"required_roles_present":true,"room_index":1,"room_kind":"kitchen"},{"activity_group":"sleep","actual":{"bed":1,"chest":2,"sconce":1},"dropped":false,"minimum_height_checks":[],"minimum_heights_ok":true,"required":{"bed":1,"chest":2,"sconce":1},"required_roles_present":true,"room_index":3,"room_kind":"bedroom"},{"activity_group":"eating","actual":{"seat":2,"table":1},"dropped":false,"minimum_height_checks":[{"catalog_height_m":0.813000023365021,"category":"table","height_scale":1.0,"key":"Table_Large","measured_height_m":0.813000023365021,"meets_minimum":true,"minimum_height_m":0.7,"scale":1.0}],"minimum_heights_ok":true,"required":{"seat":2,"table":1},"required_roles_present":true,"room_index":0,"room_kind":"hall"}]
ACTIVITY_VIEW witch_hut_8102_9X12_cooking_roof_on.jpg room=1 members=5 saved=0
ACTIVITY_VIEW witch_hut_8102_9X12_sleep_roof_on.jpg room=3 members=4 saved=0
ACTIVITY_VIEW witch_hut_8102_9X12_eating_roof_on.jpg room=0 members=3 saved=0
ACTIVITY_GROUP_RENDER cases=4 images=16 source_changed=false failed=false
