Godot Engine v4.5.2.stable.mono.official.6ce3de25a - https://godotengine.org
Vulkan 1.4.325 - Forward Mobile - Using Device #0: NVIDIA - NVIDIA GeForce RTX 3060

  notre_dame.jpg
  cologne.jpg
  chartres.jpg
  salisbury.jpg
  durham.jpg
  hagia_sophia.jpg
  florence_duomo.jpg
  st_basil.jpg
  detail_flyers.jpg
  detail_dome.jpg
  detail_chapels.jpg
  detail_onion.jpg
  detail_lantern.jpg
  detail_crossing.jpg
  castle_bodiam.jpg
  castle_krak.jpg
  castle_krak_courtyard.jpg
  castle_chambord.jpg
  castle_caernarfon.jpg
  castle_himeji.jpg
  castle_neuschwanstein.jpg
  castle_stokesay.jpg
  castle_longhouse.jpg
  one_room_cottage   hall(13), kitchen(9)
  house_one_room_cottage.jpg
  family_cottage     parlour(5), hall(8), kitchen(9), bedroom(3)
  house_family_cottage.jpg
  smithy             parlour(5), hall(13), workshop(7), store(3), kitchen(5), bedroom(6)
  house_smithy.jpg
  alchemist          workshop(11), hall(10), parlour(9), store(7), bedroom(4), kitchen(8)
  house_alchemist.jpg
  inn                parlour(7), hall(9), store(5), store(5), bedroom(3), kitchen(7), parlour(14), parlour(13), parlour(11), bedroom(5), bedroom(5), parlour(13)
  house_inn.jpg
  farmhouse          parlour(7), hall(12), store(10), store(7), bedroom(2), kitchen(11)
  house_farmhouse.jpg
  inn                parlour(7), hall(9), store(5), store(5), bedroom(3), kitchen(7), parlour(14), parlour(13), parlour(11), bedroom(5), bedroom(5), parlour(13)
  house_room.jpg
  inn                parlour(7), hall(9), store(5), store(5), bedroom(3), kitchen(7), parlour(14), parlour(13), parlour(11), bedroom(5), bedroom(5), parlour(13)
  house_exterior.jpg
  temple_bloodpit_basilica.jpg
  temple_starless_pylon.jpg
  temple_ashen_ziggurat.jpg
  temple_coiled_rotunda.jpg
  temple_ossuary_basilica.jpg
  temple_plan.jpg
  temple_exterior.jpg
  sheet_notre_dame.jpg
  sheet_chartres.jpg
  sheet_hagia_sophia.jpg
  sheet_st_basil.jpg
wrote 42 images to res://artifacts/renders
