Godot Engine v4.5.2.stable.mono.official.6ce3de25a - https://godotengine.org

Running hroof...
--- house roofs ---
    farmhouse seed=4413 roof=hipped fitted_dormers=2
    townhouse seed=4411 roof=half_hipped fitted_dormers=2
    cottage seed=4412 roof=gable fitted_dormers=0
    longhall seed=4414 roof=gable fitted_dormers=0
    elapsed 10.36s

Running hcomponent...
--- house components ---
    elapsed 6.97s

Running hopening...
--- house roof openings ---
    elapsed 71.82s

Running hsky...
--- hsky ---
    elapsed 1.68s

Running hdoor...
--- house raised doors ---
    elapsed 0.04s

Running hbounds...
--- house bounds ---
    elapsed 59.13s

Running hjetty...
--- house jetty ---
    elapsed 5.52s

Running hmaterials...
--- house materials ---
    elapsed 0.44s

Running walkpins...
zfight house/cottage: 8 visible overlaps (budget 8)
zfight shop/cottage: 0 visible overlaps (budget 0)
zfight world/courtyard_house: 24 visible overlaps (budget 24)
zfight temple/basilica: 12 visible overlaps (budget 12)
zfight church/romanesque: 92 visible overlaps (budget 92)
zfight windmill/tower: 40 visible overlaps (budget 40)
--- walk pins ---
    elapsed 13.69s

Running roofquick...
--- roof quick ---
    house roofs: farmhouse seed=4413 roof=hipped fitted_dormers=2
    house roofs: townhouse seed=4411 roof=half_hipped fitted_dormers=2
    house roofs: cottage seed=4412 roof=gable fitted_dormers=0
    house roofs: longhall seed=4414 roof=gable fitted_dormers=0
    elapsed 27.90s

Running houseqaplan...
house QA: START (quick; 24-house statistical sweeps)
house QA: START upstairs programme fixture
house QA: END upstairs programme fixture (0.35s)
house QA: START stair fixture
house QA: END stair fixture (0.32s)
house QA: START stair sweep
house QA: stair sweep 1/24
house QA: stair sweep 16/24
house QA: stair sweep 24/24
house QA: END stair sweep (58.48s)
house QA: START doors-in-line fixture
house QA: END doors-in-line fixture (0.00s)
house QA: START door-chimney fixture
house QA: END door-chimney fixture (0.00s)
house QA: START poles sweep
house QA: poles sweep 1/24
house QA: poles sweep 16/24
house QA: poles sweep 24/24
house QA: END poles sweep (6.12s)
house QA: DONE (quick; 65.28s)
--- house QA (planning) ---
    stair       24/24 against a wall, 24/24 out of the door line, 23/24 halls with a table
    poles       24 houses: back door on kitchen 22, store 1, other 0; kitchen on back wall 22/24
    elapsed 65.28s

Running hmesh...
--- house mesh integrity ---
    elapsed 0.27s

Running metriccoords...
