Godot Engine v4.5.2.stable.mono.official.6ce3de25a - https://godotengine.org

Running church...
--- church ---
    elapsed 147.66s

Running normals...
--- normals ---
    openings facing outward: worst run 100% ()
    elapsed 163.41s
  WARN [door] opening at (0.000000, 1.800000, -11.020000) is walled in from outside (style=russian seed=5002)
  WARN surface 2 has 2 degenerate triangles, style=russian seed=5007
  WARN [door] opening at (0.000000, 1.800000, -18.020000) is walled in from outside (style=russian seed=5009)

Running massing...
--- massing ---
    romanesque      0/15 variants with defects
    gothic          0/15 variants with defects
    byzantine       0/15 variants with defects
    nordic_stave    0/15 variants with defects
    renaissance     0/15 variants with defects
    russian         0/15 variants with defects
    elapsed 169.38s

Running blueprint...
--- blueprint ---
    elapsed 177.08s

Running landmark...
--- landmark ---
      notre_dame     4 scales, 0 defects
      cologne        4 scales, 0 defects
      chartres       4 scales, 0 defects
      salisbury      4 scales, 0 defects
      durham         4 scales, 0 defects
      hagia_sophia   4 scales, 0 defects
      florence_duomo 4 scales, 0 defects
      st_basil       4 scales, 0 defects
    elapsed 56.00s

Running churchaperture...
--- church apertures ---
    elapsed 0.50s

============================================================
  church             PASS  (92 checked, 0 failures, 0 warnings)
  normals            PASS  (96 checked, 0 failures, 3 warnings)
  massing            PASS  (90 checked, 0 failures, 0 warnings)
  blueprint          PASS  (90 checked, 0 failures, 0 warnings)
  landmark           PASS  (32 checked, 0 failures, 0 warnings)
  church apertures   PASS  (44 checked, 0 failures, 0 warnings)
============================================================
ALL PASS -- 6 suites, 444 checks, 0 failures, 3 warnings
