Godot Engine v4.5.2.stable.mono.official.6ce3de25a - https://godotengine.org

Running normals...
--- normals ---
    openings facing outward: worst run 100% ()
    elapsed 203.14s
  WARN [door] opening at (0.000000, 1.800000, -11.020000) is walled in from outside (style=russian seed=5002)
  WARN surface 2 has 2 degenerate triangles, style=russian seed=5007
  WARN [door] opening at (0.000000, 1.800000, -18.020000) is walled in from outside (style=russian seed=5009)

Running hroof...
--- house roofs ---
    farmhouse seed=4413 roof=hipped fitted_dormers=2
    townhouse seed=4411 roof=half_hipped fitted_dormers=2
    cottage seed=4412 roof=gable fitted_dormers=0
    longhall seed=4414 roof=gable fitted_dormers=0
    elapsed 3.75s

Running hcomponent...
--- house components ---
    elapsed 6.28s

Running hopening...
--- house roof openings ---
    elapsed 8.81s

Running hsky...
--- hsky ---
    elapsed 2.24s

Running hdoor...
--- house raised doors ---
    elapsed 0.07s

Running hbounds...
--- house bounds ---
    elapsed 17.87s

Running hjetty...
--- house jetty ---
    elapsed 7.85s

Running hmaterials...
--- house materials ---
    elapsed 0.80s

Running roofquick...
--- roof quick ---
    house roofs: farmhouse seed=4413 roof=hipped fitted_dormers=2
    house roofs: townhouse seed=4411 roof=half_hipped fitted_dormers=2
    house roofs: cottage seed=4412 roof=gable fitted_dormers=0
    house roofs: longhall seed=4414 roof=gable fitted_dormers=0
    elapsed 23.10s

Running metriccoords...
--- metric coordinates ---
    elapsed 6.73s

============================================================
  normals            PASS  (96 checked, 0 failures, 3 warnings)
  house roofs        PASS  (452 checked, 0 failures, 0 warnings)
  house components   PASS  (1526 checked, 0 failures, 0 warnings)
  house roof openings PASS  (306 checked, 0 failures, 0 warnings)
  hsky               PASS  (18 checked, 0 failures, 0 warnings)
  house raised doors PASS  (8 checked, 0 failures, 0 warnings)
  house bounds       PASS  (1517 checked, 0 failures, 0 warnings)
  house jetty        PASS  (202 checked, 0 failures, 0 warnings)
  house materials    PASS  (470 checked, 0 failures, 0 warnings)
  roof quick         PASS  (2462 checked, 0 failures, 0 warnings)
  metric coordinates PASS  (14 checked, 0 failures, 0 warnings)
============================================================
ALL PASS -- 11 suites, 7071 checks, 0 failures, 3 warnings
